// Jest Snapshot v1, https://goo.gl/fbAQLP

exports[`AdminPanel tests Snapshot matches 1`] = `
ShallowWrapper {
  Symbol(enzyme.__root__): [Circular],
  Symbol(enzyme.__unrendered__): <AdminPanel />,
  Symbol(enzyme.__renderer__): Object {
    "batchedUpdates": [Function],
    "getNode": [Function],
    "render": [Function],
    "simulateError": [Function],
    "simulateEvent": [Function],
    "unmount": [Function],
  },
  Symbol(enzyme.__node__): Object {
    "instance": null,
    "key": undefined,
    "nodeType": "host",
    "props": Object {
      "children": <form
        onSubmit={[Function]}
      >
        <div
          className="form-group"
        >
          <input
            className="form-control"
            id="bookName"
            name="bookName"
            onChange={[Function]}
            placeholder="Book name"
            type="text"
          />
        </div>
        <div
          className="form-group"
        >
          <input
            className="form-control"
            id="bookAuthor"
            name="bookAuthor"
            onChange={[Function]}
            placeholder="Author name"
            type="text"
          />
        </div>
        <div
          className="form-group"
        >
          <textarea
            className="form-control"
            id="bookDescription"
            name="bookDescription"
            onChange={[Function]}
            placeholder="Book description"
          />
        </div>
        <div
          className="form-group"
        >
          <input
            className="form-check-input"
            id="bookOnStock"
            name="bookOnStock"
            onChange={[Function]}
            type="checkbox"
          />
          <label
            className="form-check-label"
            htmlFor="bookOnStock"
          >
            On stock
          </label>
        </div>
        <div
          className="form-group"
        >
          <input
            className="form-control"
            id="bookImage"
            name="bookImage"
            onChange={[Function]}
            placeholder="Book image"
            type="text"
          />
        </div>
        <button
          className="btn btn-primary"
          type="submit"
        >
          Add
        </button>
      </form>,
      "className": "adminPanel col-md-4",
    },
    "ref": null,
    "rendered": Object {
      "instance": null,
      "key": undefined,
      "nodeType": "host",
      "props": Object {
        "children": Array [
          <div
            className="form-group"
          >
            <input
              className="form-control"
              id="bookName"
              name="bookName"
              onChange={[Function]}
              placeholder="Book name"
              type="text"
            />
          </div>,
          <div
            className="form-group"
          >
            <input
              className="form-control"
              id="bookAuthor"
              name="bookAuthor"
              onChange={[Function]}
              placeholder="Author name"
              type="text"
            />
          </div>,
          <div
            className="form-group"
          >
            <textarea
              className="form-control"
              id="bookDescription"
              name="bookDescription"
              onChange={[Function]}
              placeholder="Book description"
            />
          </div>,
          <div
            className="form-group"
          >
            <input
              className="form-check-input"
              id="bookOnStock"
              name="bookOnStock"
              onChange={[Function]}
              type="checkbox"
            />
            <label
              className="form-check-label"
              htmlFor="bookOnStock"
            >
              On stock
            </label>
          </div>,
          <div
            className="form-group"
          >
            <input
              className="form-control"
              id="bookImage"
              name="bookImage"
              onChange={[Function]}
              placeholder="Book image"
              type="text"
            />
          </div>,
          <button
            className="btn btn-primary"
            type="submit"
          >
            Add
          </button>,
        ],
        "onSubmit": [Function],
      },
      "ref": null,
      "rendered": Array [
        Object {
          "instance": null,
          "key": undefined,
          "nodeType": "host",
          "props": Object {
            "children": <input
              className="form-control"
              id="bookName"
              name="bookName"
              onChange={[Function]}
              placeholder="Book name"
              type="text"
            />,
            "className": "form-group",
          },
          "ref": null,
          "rendered": Object {
            "instance": null,
            "key": undefined,
            "nodeType": "host",
            "props": Object {
              "className": "form-control",
              "id": "bookName",
              "name": "bookName",
              "onChange": [Function],
              "placeholder": "Book name",
              "type": "text",
              "value": undefined,
            },
            "ref": null,
            "rendered": null,
            "type": "input",
          },
          "type": "div",
        },
        Object {
          "instance": null,
          "key": undefined,
          "nodeType": "host",
          "props": Object {
            "children": <input
              className="form-control"
              id="bookAuthor"
              name="bookAuthor"
              onChange={[Function]}
              placeholder="Author name"
              type="text"
            />,
            "className": "form-group",
          },
          "ref": null,
          "rendered": Object {
            "instance": null,
            "key": undefined,
            "nodeType": "host",
            "props": Object {
              "className": "form-control",
              "id": "bookAuthor",
              "name": "bookAuthor",
              "onChange": [Function],
              "placeholder": "Author name",
              "type": "text",
              "value": undefined,
            },
            "ref": null,
            "rendered": null,
            "type": "input",
          },
          "type": "div",
        },
        Object {
          "instance": null,
          "key": undefined,
          "nodeType": "host",
          "props": Object {
            "children": <textarea
              className="form-control"
              id="bookDescription"
              name="bookDescription"
              onChange={[Function]}
              placeholder="Book description"
            />,
            "className": "form-group",
          },
          "ref": null,
          "rendered": Object {
            "instance": null,
            "key": undefined,
            "nodeType": "host",
            "props": Object {
              "className": "form-control",
              "id": "bookDescription",
              "name": "bookDescription",
              "onChange": [Function],
              "placeholder": "Book description",
              "value": undefined,
            },
            "ref": null,
            "rendered": null,
            "type": "textarea",
          },
          "type": "div",
        },
        Object {
          "instance": null,
          "key": undefined,
          "nodeType": "host",
          "props": Object {
            "children": Array [
              <input
                className="form-check-input"
                id="bookOnStock"
                name="bookOnStock"
                onChange={[Function]}
                type="checkbox"
              />,
              <label
                className="form-check-label"
                htmlFor="bookOnStock"
              >
                On stock
              </label>,
            ],
            "className": "form-group",
          },
          "ref": null,
          "rendered": Array [
            Object {
              "instance": null,
              "key": undefined,
              "nodeType": "host",
              "props": Object {
                "checked": undefined,
                "className": "form-check-input",
                "id": "bookOnStock",
                "name": "bookOnStock",
                "onChange": [Function],
                "type": "checkbox",
              },
              "ref": null,
              "rendered": null,
              "type": "input",
            },
            Object {
              "instance": null,
              "key": undefined,
              "nodeType": "host",
              "props": Object {
                "children": "On stock",
                "className": "form-check-label",
                "htmlFor": "bookOnStock",
              },
              "ref": null,
              "rendered": "On stock",
              "type": "label",
            },
          ],
          "type": "div",
        },
        Object {
          "instance": null,
          "key": undefined,
          "nodeType": "host",
          "props": Object {
            "children": <input
              className="form-control"
              id="bookImage"
              name="bookImage"
              onChange={[Function]}
              placeholder="Book image"
              type="text"
            />,
            "className": "form-group",
          },
          "ref": null,
          "rendered": Object {
            "instance": null,
            "key": undefined,
            "nodeType": "host",
            "props": Object {
              "className": "form-control",
              "id": "bookImage",
              "name": "bookImage",
              "onChange": [Function],
              "placeholder": "Book image",
              "type": "text",
              "value": undefined,
            },
            "ref": null,
            "rendered": null,
            "type": "input",
          },
          "type": "div",
        },
        Object {
          "instance": null,
          "key": undefined,
          "nodeType": "host",
          "props": Object {
            "children": "Add",
            "className": "btn btn-primary",
            "type": "submit",
          },
          "ref": null,
          "rendered": "Add",
          "type": "button",
        },
      ],
      "type": "form",
    },
    "type": "div",
  },
  Symbol(enzyme.__nodes__): Array [
    Object {
      "instance": null,
      "key": undefined,
      "nodeType": "host",
      "props": Object {
        "children": <form
          onSubmit={[Function]}
        >
          <div
            className="form-group"
          >
            <input
              className="form-control"
              id="bookName"
              name="bookName"
              onChange={[Function]}
              placeholder="Book name"
              type="text"
            />
          </div>
          <div
            className="form-group"
          >
            <input
              className="form-control"
              id="bookAuthor"
              name="bookAuthor"
              onChange={[Function]}
              placeholder="Author name"
              type="text"
            />
          </div>
          <div
            className="form-group"
          >
            <textarea
              className="form-control"
              id="bookDescription"
              name="bookDescription"
              onChange={[Function]}
              placeholder="Book description"
            />
          </div>
          <div
            className="form-group"
          >
            <input
              className="form-check-input"
              id="bookOnStock"
              name="bookOnStock"
              onChange={[Function]}
              type="checkbox"
            />
            <label
              className="form-check-label"
              htmlFor="bookOnStock"
            >
              On stock
            </label>
          </div>
          <div
            className="form-group"
          >
            <input
              className="form-control"
              id="bookImage"
              name="bookImage"
              onChange={[Function]}
              placeholder="Book image"
              type="text"
            />
          </div>
          <button
            className="btn btn-primary"
            type="submit"
          >
            Add
          </button>
        </form>,
        "className": "adminPanel col-md-4",
      },
      "ref": null,
      "rendered": Object {
        "instance": null,
        "key": undefined,
        "nodeType": "host",
        "props": Object {
          "children": Array [
            <div
              className="form-group"
            >
              <input
                className="form-control"
                id="bookName"
                name="bookName"
                onChange={[Function]}
                placeholder="Book name"
                type="text"
              />
            </div>,
            <div
              className="form-group"
            >
              <input
                className="form-control"
                id="bookAuthor"
                name="bookAuthor"
                onChange={[Function]}
                placeholder="Author name"
                type="text"
              />
            </div>,
            <div
              className="form-group"
            >
              <textarea
                className="form-control"
                id="bookDescription"
                name="bookDescription"
                onChange={[Function]}
                placeholder="Book description"
              />
            </div>,
            <div
              className="form-group"
            >
              <input
                className="form-check-input"
                id="bookOnStock"
                name="bookOnStock"
                onChange={[Function]}
                type="checkbox"
              />
              <label
                className="form-check-label"
                htmlFor="bookOnStock"
              >
                On stock
              </label>
            </div>,
            <div
              className="form-group"
            >
              <input
                className="form-control"
                id="bookImage"
                name="bookImage"
                onChange={[Function]}
                placeholder="Book image"
                type="text"
              />
            </div>,
            <button
              className="btn btn-primary"
              type="submit"
            >
              Add
            </button>,
          ],
          "onSubmit": [Function],
        },
        "ref": null,
        "rendered": Array [
          Object {
            "instance": null,
            "key": undefined,
            "nodeType": "host",
            "props": Object {
              "children": <input
                className="form-control"
                id="bookName"
                name="bookName"
                onChange={[Function]}
                placeholder="Book name"
                type="text"
              />,
              "className": "form-group",
            },
            "ref": null,
            "rendered": Object {
              "instance": null,
              "key": undefined,
              "nodeType": "host",
              "props": Object {
                "className": "form-control",
                "id": "bookName",
                "name": "bookName",
                "onChange": [Function],
                "placeholder": "Book name",
                "type": "text",
                "value": undefined,
              },
              "ref": null,
              "rendered": null,
              "type": "input",
            },
            "type": "div",
          },
          Object {
            "instance": null,
            "key": undefined,
            "nodeType": "host",
            "props": Object {
              "children": <input
                className="form-control"
                id="bookAuthor"
                name="bookAuthor"
                onChange={[Function]}
                placeholder="Author name"
                type="text"
              />,
              "className": "form-group",
            },
            "ref": null,
            "rendered": Object {
              "instance": null,
              "key": undefined,
              "nodeType": "host",
              "props": Object {
                "className": "form-control",
                "id": "bookAuthor",
                "name": "bookAuthor",
                "onChange": [Function],
                "placeholder": "Author name",
                "type": "text",
                "value": undefined,
              },
              "ref": null,
              "rendered": null,
              "type": "input",
            },
            "type": "div",
          },
          Object {
            "instance": null,
            "key": undefined,
            "nodeType": "host",
            "props": Object {
              "children": <textarea
                className="form-control"
                id="bookDescription"
                name="bookDescription"
                onChange={[Function]}
                placeholder="Book description"
              />,
              "className": "form-group",
            },
            "ref": null,
            "rendered": Object {
              "instance": null,
              "key": undefined,
              "nodeType": "host",
              "props": Object {
                "className": "form-control",
                "id": "bookDescription",
                "name": "bookDescription",
                "onChange": [Function],
                "placeholder": "Book description",
                "value": undefined,
              },
              "ref": null,
              "rendered": null,
              "type": "textarea",
            },
            "type": "div",
          },
          Object {
            "instance": null,
            "key": undefined,
            "nodeType": "host",
            "props": Object {
              "children": Array [
                <input
                  className="form-check-input"
                  id="bookOnStock"
                  name="bookOnStock"
                  onChange={[Function]}
                  type="checkbox"
                />,
                <label
                  className="form-check-label"
                  htmlFor="bookOnStock"
                >
                  On stock
                </label>,
              ],
              "className": "form-group",
            },
            "ref": null,
            "rendered": Array [
              Object {
                "instance": null,
                "key": undefined,
                "nodeType": "host",
                "props": Object {
                  "checked": undefined,
                  "className": "form-check-input",
                  "id": "bookOnStock",
                  "name": "bookOnStock",
                  "onChange": [Function],
                  "type": "checkbox",
                },
                "ref": null,
                "rendered": null,
                "type": "input",
              },
              Object {
                "instance": null,
                "key": undefined,
                "nodeType": "host",
                "props": Object {
                  "children": "On stock",
                  "className": "form-check-label",
                  "htmlFor": "bookOnStock",
                },
                "ref": null,
                "rendered": "On stock",
                "type": "label",
              },
            ],
            "type": "div",
          },
          Object {
            "instance": null,
            "key": undefined,
            "nodeType": "host",
            "props": Object {
              "children": <input
                className="form-control"
                id="bookImage"
                name="bookImage"
                onChange={[Function]}
                placeholder="Book image"
                type="text"
              />,
              "className": "form-group",
            },
            "ref": null,
            "rendered": Object {
              "instance": null,
              "key": undefined,
              "nodeType": "host",
              "props": Object {
                "className": "form-control",
                "id": "bookImage",
                "name": "bookImage",
                "onChange": [Function],
                "placeholder": "Book image",
                "type": "text",
                "value": undefined,
              },
              "ref": null,
              "rendered": null,
              "type": "input",
            },
            "type": "div",
          },
          Object {
            "instance": null,
            "key": undefined,
            "nodeType": "host",
            "props": Object {
              "children": "Add",
              "className": "btn btn-primary",
              "type": "submit",
            },
            "ref": null,
            "rendered": "Add",
            "type": "button",
          },
        ],
        "type": "form",
      },
      "type": "div",
    },
  ],
  Symbol(enzyme.__options__): Object {
    "adapter": ReactSixteenAdapter {
      "options": Object {
        "enableComponentDidUpdateOnSetState": true,
        "lifecycles": Object {
          "componentDidUpdate": Object {
            "onSetState": true,
          },
          "getDerivedStateFromProps": true,
          "getSnapshotBeforeUpdate": true,
          "setState": Object {
            "skipsComponentDidUpdateOnNullish": true,
          },
        },
      },
    },
  },
}
`;
